02-23 10:13:32.464    37    37 D dalvikvm: WAIT_FOR_CONCURRENT_GC blocked 0ms
02-23 10:13:32.544    37    37 D dalvikvm: GC_EXPLICIT freed <1K, 1% free 7952K/8003K, paused 3ms+4ms, total 86ms
02-23 10:13:32.553    37    37 I dalvikvm: System server process 160 has been created
02-23 10:13:32.584    37    37 I Zygote  : Accepting command socket connections
02-23 10:13:32.743   160   160 D dalvikvm: WAIT_FOR_CONCURRENT_GC blocked 0ms
02-23 10:13:33.193   160   160 E BatteryService: usbOnlinePath not found
02-23 10:13:33.203   160   160 E BatteryService: batteryVoltagePath not found
02-23 10:13:33.203   160   160 E BatteryService: batteryTemperaturePath not found
02-23 10:13:33.213   160   160 I sysproc : Entered system_init()
02-23 10:13:33.213   160   160 I sysproc : ServiceManager: 0x2a0f77c8
02-23 10:13:33.213   160   160 D SensorService: nuSensorService starting...
02-23 10:13:33.223   160   160 I SensorService: Goldfish 3-axis Accelerometer
02-23 10:13:33.223   160   160 I SensorService: Goldfish 3-axis Magnetic field sensor
02-23 10:13:33.223   160   160 I SensorService: Goldfish Orientation sensor
02-23 10:13:33.223   160   160 I SensorService: Goldfish Temperature sensor
02-23 10:13:33.223   160   160 I SensorService: Goldfish Proximity sensor
02-23 10:13:33.233   160   160 I sysproc : System server: starting Android runtime.
02-23 10:13:33.233   160   160 I sysproc : System server: starting Android services.
02-23 10:13:33.233   160   160 I SystemServer: Entered the Android system server!
02-23 10:13:33.233   160   160 I sysproc : System server: entering thread pool.
02-23 10:13:33.233   160   176 D SensorService: nuSensorService thread starting...
02-23 10:13:33.233   160   177 I SystemServer: Entropy Mixer
02-23 10:13:33.263   160   177 I SystemServer: Power Manager
02-23 10:13:33.273   160   177 E PowerManagerService-JNI: Couldn't load power module (No such file or directory)
02-23 10:13:33.273   160   177 I SystemServer: Activity Manager
02-23 10:13:33.303   160   178 I ActivityManager: Memory class: 48
02-23 10:13:33.464   160   178 I ActivityManager: Enabled StrictMode logging for AThread's Looper
02-23 10:13:33.464   160   177 I SystemServer: Telephony Registry
02-23 10:13:33.464   160   177 I SystemServer: Scheduling Policy
02-23 10:13:33.474   160   177 I SystemServer: Package Manager
02-23 10:13:33.584   160   163 D dalvikvm: GC_CONCURRENT freed 253K, 4% free 8217K/8519K, paused 16ms+4ms, total 88ms
02-23 10:13:33.584   160   177 D dalvikvm: WAIT_FOR_CONCURRENT_GC blocked 15ms
02-23 10:13:34.176   160   177 W PackageManager: Running ENG build: no pre-dexopt!
02-23 10:13:34.444   160   163 D dalvikvm: GC_CONCURRENT freed 316K, 5% free 8354K/8775K, paused 15ms+16ms, total 258ms
02-23 10:13:35.423   160   163 D dalvikvm: GC_CONCURRENT freed 133K, 3% free 8770K/8967K, paused 15ms+20ms, total 226ms
02-23 10:13:35.494   160   177 W PackageManager: Package com.android.camera desires unavailable shared library com.google.android.media.effects; ignoring!
02-23 10:13:36.033   160   163 D dalvikvm: GC_CONCURRENT freed 264K, 4% free 8935K/9287K, paused 15ms+16ms, total 253ms
02-23 10:13:36.454   160   177 W PackageParser: No actions in intent filter at /system/app/Contacts.apk Binary XML file line #533
02-23 10:13:36.564   160   177 D PackageManager: No files in app dir /vendor/app
02-23 10:13:36.564   160   177 I Installer: connecting...
02-23 10:13:36.564    40    40 I installd: new connection
02-23 10:13:36.963   160   163 D dalvikvm: GC_CONCURRENT freed 251K, 4% free 9153K/9479K, paused 44ms+5ms, total 153ms
02-23 10:13:37.203   160   177 W PackageParser: No actions in intent filter at /data/app/ApiDemos.apk Binary XML file line #2674
02-23 10:13:37.203   160   177 W PackageParser: No actions in intent filter at /data/app/ApiDemos.apk Binary XML file line #2680
02-23 10:13:37.213   160   177 W PackageManager: Package com.example.android.apis desires unavailable shared library com.example.will.never.exist; ignoring!
02-23 10:13:37.364   160   177 I PackageManager: Time to scan packages: 3.185 seconds
02-23 10:13:37.364   160   177 W PackageManager: Unknown permission com.google.android.googleapps.permission.GOOGLE_AUTH.mail in package com.android.contacts
02-23 10:13:37.364   160   177 W PackageManager: Unknown permission android.permission.ADD_SYSTEM_SERVICE in package com.android.phone
02-23 10:13:37.364   160   177 W PackageManager: Unknown permission com.android.smspush.WAPPUSH_MANAGER_BIND in package com.android.phone
02-23 10:13:37.364   160   177 W PackageManager: Unknown permission com.google.android.googleapps.permission.GOOGLE_AUTH in package com.android.providers.calendar
02-23 10:13:37.364   160   177 W PackageManager: Unknown permission com.google.android.googleapps.permission.GOOGLE_AUTH.cl in package com.android.providers.calendar
02-23 10:13:37.374   160   177 W PackageManager: Unknown permission com.google.android.googleapps.permission.GOOGLE_AUTH.mail in package com.android.calendar
02-23 10:13:37.374   160   177 W PackageManager: Not granting permission android.permission.SEND_DOWNLOAD_COMPLETED_INTENTS to package com.android.browser (protectionLevel=2 flags=0x9be45)
02-23 10:13:37.374   160   177 W PackageManager: Not granting permission android.permission.BIND_APPWIDGET to package com.android.widgetpreview (protectionLevel=18 flags=0x8be44)
02-23 10:13:37.374   160   177 W PackageManager: Unknown permission com.google.android.googleapps.permission.GOOGLE_AUTH in package com.android.providers.contacts
02-23 10:13:37.374   160   177 W PackageManager: Unknown permission com.google.android.googleapps.permission.GOOGLE_AUTH.cp in package com.android.providers.contacts
02-23 10:13:37.374   160   177 W PackageManager: Unknown permission com.google.android.googleapps.permission.GOOGLE_AUTH in package com.android.settings
02-23 10:13:37.394   160   177 W PackageManager: Unknown permission com.google.android.googleapps.permission.ACCESS_GOOGLE_PASSWORD in package com.android.development
02-23 10:13:37.394   160   177 W PackageManager: Unknown permission com.google.android.googleapps.permission.GOOGLE_AUTH in package com.android.development
02-23 10:13:37.394   160   177 W PackageManager: Unknown permission com.google.android.googleapps.permission.GOOGLE_AUTH.ALL_SERVICES in package com.android.development
02-23 10:13:37.440   160   177 W PackageManager: Unknown permission com.google.android.googleapps.permission.GOOGLE_AUTH.YouTubeUser in package com.android.development
02-23 10:13:37.443   160   177 W PackageManager: Not granting permission android.permission.DEVICE_POWER to package com.android.deskclock (protectionLevel=2 flags=0x8be45)
02-23 10:13:37.593   160   163 D dalvikvm: GC_CONCURRENT freed 263K, 4% free 9365K/9735K, paused 15ms+5ms, total 110ms
02-23 10:13:37.593   160   177 D dalvikvm: WAIT_FOR_CONCURRENT_GC blocked 0ms
02-23 10:13:37.663   160   177 D dalvikvm: GC_EXPLICIT freed 141K, 6% free 9234K/9735K, paused 6ms+4ms, total 72ms
02-23 10:13:37.683   160   177 I SystemServer: Account Manager
02-23 10:13:37.723   160   177 D PackageManager: generateServicesMap(android.accounts.AccountAuthenticator): 2 services unchanged
02-23 10:13:37.733   160   177 I SystemServer: Content Manager
02-23 10:13:37.743   160   177 I SystemServer: System Content Providers
02-23 10:13:37.743   160   177 I ActivityThread: Pub settings: com.android.providers.settings.SettingsProvider
02-23 10:13:37.873   160   184 D SettingsProvider: cache for settings table 'secure' rows=38; fullycached=true
02-23 10:13:37.945   160   184 D SettingsProvider: cache for settings table 'system' rows=47; fullycached=true
02-23 10:13:37.993   160   177 I SystemServer: Lights Service
02-23 10:13:38.033   160   177 I SystemServer: Battery Service
02-23 10:13:38.033   160   177 I SystemServer: Vibrator Service
02-23 10:13:38.073   160   188 I libsuspend: Selected early suspend
02-23 10:13:38.243   160   177 I SystemServer: Alarm Manager
02-23 10:13:38.243   160   177 D AlarmManagerService: Kernel timezone updated to 300 minutes west of GMT
02-23 10:13:38.263   160   177 I SystemServer: Init Watchdog
02-23 10:13:38.263   160   177 I SystemServer: Window Manager
02-23 10:13:38.343   160   190 I InputManager: Initializing input manager
02-23 10:13:38.354   160   191 W StatusBarManager: warning: no STATUS_BAR_SERVICE
02-23 10:13:38.419   160   191 E SoundPool: error loading /system/media/audio/ui/Lock.ogg
02-23 10:13:38.419   160   191 E SoundPool: error loading /system/media/audio/ui/Unlock.ogg
02-23 10:13:38.507   160   190 I InputManager: Starting input manager
02-23 10:13:38.513    36    36 D PermissionCache: checking android.permission.ACCESS_SURFACE_FLINGER for uid=1000 => granted (1511 us)
02-23 10:13:38.513   160   177 I SystemServer: No Bluetooh Service (emulator)
02-23 10:13:38.513   160   177 I SystemServer: Input Method Service
02-23 10:13:38.524   160   190 I WindowManager: Enabled StrictMode logging for WMThread's Looper
02-23 10:13:38.524   160   191 I WindowManager: Enabled StrictMode for PolicyThread's Looper
02-23 10:13:38.524   160   177 W InputMethodManagerService: Couldn't create dir.: /data/system/inputmethod
02-23 10:13:38.745   160   196 I EventHub: New device: id=1, fd=96, path='/dev/input/event0', name='qwerty2', classes=0x2d, configuration='/system/usr/idc/qwerty2.idc', keyLayout='/system/usr/keylayout/qwerty.kl', keyCharacterMap='/system/usr/keychars/qwerty2.kcm', builtinKeyboard=true, usingSuspendBlockIoctl=false, usingClockIoctl=false
02-23 10:13:38.745   160   196 E EventHub: could not get driver version for /dev/input/mouse0, Not a typewriter
02-23 10:13:38.745   160   196 E EventHub: could not get driver version for /dev/input/mice, Not a typewriter
02-23 10:13:38.835   160   196 I InputReader: Device added: id=-1, name='Virtual', sources=0x00000301
02-23 10:13:38.835   160   196 I InputReader:   Touch device 'qwerty2' could not query the properties of its associated display 0.  The device will be inoperable until the display size becomes available.
02-23 10:13:38.843   160   196 I InputReader: Device added: id=0, name='qwerty2', sources=0x00011307
02-23 10:13:38.843   160   196 E Trace   : error opening trace file: No such file or directory (2)
02-23 10:13:38.926   160   163 D dalvikvm: GC_CONCURRENT freed 253K, 4% free 9438K/9799K, paused 52ms+57ms, total 309ms
02-23 10:13:39.003   160   177 I SystemServer: Accessibility Manager
02-23 10:13:39.013   160   196 I InputReader: Reconfiguring input devices.  changes=0x00000004
02-23 10:13:39.013   160   196 I InputReader: Device reconfigured: id=0, name='qwerty2', surface size is now 480x800, mode is 1
02-23 10:13:39.023   160   177 I ActivityManager: Config changed: {1.0 0mcc0mnc en_US sw320dp w320dp h508dp nrml long port ?uimode ?night finger -keyb/v/h tball/v s.2}
02-23 10:13:39.043   160   177 I SystemServer: Mount Service
02-23 10:13:39.093   160   177 D MountService: got storage path: /mnt/sdcard description: USB storage primary: true removable: false emulated: false mtpReserve: 0 allowMassStorage: false maxFileSize: 0
02-23 10:13:39.093   160   177 I SystemServer: LockSettingsService
02-23 10:13:39.093   160   177 I SystemServer: Device Policy
02-23 10:13:39.103   160   177 I SystemServer: Status Bar
02-23 10:13:39.113   160   177 I SystemServer: Clipboard Service
02-23 10:13:39.123   160   177 I SystemServer: NetworkManagement Service
02-23 10:13:39.175   160   190 I Choreographer: Skipped 33 frames!  The application may be doing too much work on its main thread.
02-23 10:13:39.183   160   177 I SystemServer: Text Service Manager Service
02-23 10:13:39.193   160   177 I SystemServer: NetworkStats Service
02-23 10:13:39.263   160   177 I SystemServer: NetworkPolicy Service
02-23 10:13:39.263   160   177 I SystemServer: Wi-Fi P2pService
02-23 10:13:39.283   160   202 D dalvikvm: GREF has increased to 201
02-23 10:13:39.303    31    61 D VoldCmdListener: volume list
02-23 10:13:39.354   160   177 I SystemServer: Wi-Fi Service
02-23 10:13:39.434   160   202 D MountService: volume state changed for /mnt/sdcard (null -> unmounted)
02-23 10:13:39.434   160   202 I PackageManager: Updating external media status from unmounted to unmounted
02-23 10:13:39.434   160   202 W MountService: getSecureContainerList() called when storage not mounted
02-23 10:13:39.443    31    61 D VoldCmdListener: asec list
02-23 10:13:39.454    33   145 E CommandListener: Failed to open /proc/sys/net/ipv6/conf/wlan0/disable_ipv6: No such file or directory
02-23 10:13:39.464   160   206 E WifiStateMachine: Failed to disable IPv6: java.lang.IllegalStateException: command '1 interface ipv6 wlan0 disable' failed with '400 1 Failed to change IPv6 state (No such file or directory)'
02-23 10:13:39.474   160   202 I PackageManager: No secure containers on sdcard
02-23 10:13:39.474   160   177 I SystemServer: Connectivity Service
02-23 10:13:39.483   160   177 D ConnectivityService: ConnectivityService starting up
02-23 10:13:39.600   160   202 W PackageManager: Unknown permission com.google.android.googleapps.permission.GOOGLE_AUTH.mail in package com.android.contacts
02-23 10:13:39.603   160   202 W PackageManager: Unknown permission android.permission.ADD_SYSTEM_SERVICE in package com.android.phone
02-23 10:13:39.603   160   202 W PackageManager: Unknown permission com.android.smspush.WAPPUSH_MANAGER_BIND in package com.android.phone
02-23 10:13:39.603   160   202 W PackageManager: Unknown permission com.google.android.googleapps.permission.GOOGLE_AUTH in package com.android.providers.calendar
02-23 10:13:39.603   160   202 W PackageManager: Unknown permission com.google.android.googleapps.permission.GOOGLE_AUTH.cl in package com.android.providers.calendar
02-23 10:13:39.603   160   202 W PackageManager: Unknown permission com.google.android.googleapps.permission.GOOGLE_AUTH.mail in package com.android.calendar
02-23 10:13:39.603   160   202 W PackageManager: Not granting permission android.permission.SEND_DOWNLOAD_COMPLETED_INTENTS to package com.android.browser (protectionLevel=2 flags=0x9be45)
02-23 10:13:39.603   160   202 W PackageManager: Not granting permission android.permission.BIND_APPWIDGET to package com.android.widgetpreview (protectionLevel=18 flags=0x8be44)
02-23 10:13:39.603   160   202 W PackageManager: Unknown permission com.google.android.googleapps.permission.GOOGLE_AUTH in package com.android.providers.contacts
02-23 10:13:39.613   160   202 W PackageManager: Unknown permission com.google.android.googleapps.permission.GOOGLE_AUTH.cp in package com.android.providers.contacts
02-23 10:13:39.613   160   202 W PackageManager: Unknown permission com.google.android.googleapps.permission.GOOGLE_AUTH in package com.android.settings
02-23 10:13:39.613   160   202 W PackageManager: Unknown permission com.google.android.googleapps.permission.ACCESS_GOOGLE_PASSWORD in package com.android.development
02-23 10:13:39.613   160   202 W PackageManager: Unknown permission com.google.android.googleapps.permission.GOOGLE_AUTH in package com.android.development
02-23 10:13:39.613   160   202 W PackageManager: Unknown permission com.google.android.googleapps.permission.GOOGLE_AUTH.ALL_SERVICES in package com.android.development
02-23 10:13:39.613   160   202 W PackageManager: Unknown permission com.google.android.googleapps.permission.GOOGLE_AUTH.YouTubeUser in package com.android.development
02-23 10:13:39.634   160   177 E MobileDataStateTracker: default: Ignoring feature request because could not acquire PhoneService
02-23 10:13:39.634   160   177 E MobileDataStateTracker: default: Could not enable APN type "default"
02-23 10:13:39.634   160   202 W PackageManager: Not granting permission android.permission.DEVICE_POWER to package com.android.deskclock (protectionLevel=2 flags=0x8be45)
02-23 10:13:39.663   160   177 I WifiService: WifiService starting up with Wi-Fi disabled
02-23 10:13:39.673   160   177 I SystemServer: Network Service Discovery Service
02-23 10:13:39.683   160   177 D NsdService: Network service discovery enabled true
02-23 10:13:39.703   160   177 I SystemServer: Throttle Service
02-23 10:13:39.703   160   177 I SystemServer: UpdateLock Service
02-23 10:13:39.823   160   163 D dalvikvm: GC_CONCURRENT freed 226K, 4% free 9691K/9991K, paused 16ms+5ms, total 103ms
02-23 10:13:39.863   160   177 D PackageManager: generateServicesMap(android.accounts.AccountAuthenticator): 2 services unchanged
02-23 10:13:39.943   160   177 D PackageManager: generateServicesMap(android.content.SyncAdapter): 4 services unchanged
02-23 10:13:39.953   160   177 I SystemServer: Notification Manager
02-23 10:13:39.963   160   177 I SystemServer: Device Storage Monitor
02-23 10:13:39.973   160   177 I SystemServer: Location Manager
02-23 10:13:39.983   160   177 I SystemServer: Country Detector
02-23 10:13:39.983   160   177 I SystemServer: Search Service
02-23 10:13:39.983   160   177 I SystemServer: DropBox Service
02-23 10:13:39.993   160   177 I SystemServer: Wallpaper Service
02-23 10:13:40.003   160   177 I SystemServer: Audio Service
02-23 10:13:40.213   160   177 I SystemServer: Dock Observer
02-23 10:13:40.213   160   177 W DockObserver: This kernel does not have dock station support
02-23 10:13:40.213   160   177 I SystemServer: Wired Accessory Observer
02-23 10:13:40.213   160   177 W WiredAccessoryObserver: This kernel does not have wired headset support
02-23 10:13:40.213   160   177 W WiredAccessoryObserver: This kernel does not have usb audio support
02-23 10:13:40.223   160   177 W WiredAccessoryObserver: This kernel does not have HDMI audio support
02-23 10:13:40.233   160   177 I SystemServer: USB Service
02-23 10:13:40.233   160   177 I SystemServer: Serial Service
02-23 10:13:40.233   160   177 I SystemServer: UI Mode Manager Service
02-23 10:13:40.283   160   177 I SystemServer: Backup Service
02-23 10:13:40.293   160   177 V BackupManagerService: Initializing package tracking
02-23 10:13:40.293   160   177 V BackupManagerService: No ancestral data
02-23 10:13:40.573   160   163 D dalvikvm: GC_CONCURRENT freed 309K, 4% free 9946K/10311K, paused 52ms+71ms, total 259ms
02-23 10:13:40.583   160   177 D dalvikvm: WAIT_FOR_CONCURRENT_GC blocked 20ms
02-23 10:13:40.583   160   177 V BackupManagerService: addPackageParticipantsLocked: all
02-23 10:13:40.583   160   177 I BackupManagerService: New app android never backed up; scheduling
02-23 10:13:40.583   160   177 D BackupManagerService: Now staging backup of android
02-23 10:13:40.593   160   177 I BackupManagerService: New app com.android.browser never backed up; scheduling
02-23 10:13:40.593   160   177 D BackupManagerService: Now staging backup of com.android.browser
02-23 10:13:40.638   160   177 I BackupManagerService: New app com.android.calendar never backed up; scheduling
02-23 10:13:40.638   160   177 D BackupManagerService: Now staging backup of com.android.calendar
02-23 10:13:40.643   160   177 I BackupManagerService: New app com.android.inputmethod.latin never backed up; scheduling
02-23 10:13:40.643   160   177 D BackupManagerService: Now staging backup of com.android.inputmethod.latin
02-23 10:13:40.653   160   177 I BackupManagerService: New app com.android.providers.settings never backed up; scheduling
02-23 10:13:40.653   160   177 D BackupManagerService: Now staging backup of com.android.providers.settings
02-23 10:13:40.663   160   177 I BackupManagerService: New app com.android.providers.userdictionary never backed up; scheduling
02-23 10:13:40.663   160   177 D BackupManagerService: Now staging backup of com.android.providers.userdictionary
02-23 10:13:40.663   160   177 I BackupManagerService: New app com.android.sharedstoragebackup never backed up; scheduling
02-23 10:13:40.663   160   177 D BackupManagerService: Now staging backup of com.android.sharedstoragebackup
02-23 10:13:40.713   160   177 V BackupManagerService: Registering transport android/com.android.internal.backup.LocalTransport = com.android.internal.backup.LocalTransport@413dab28
02-23 10:13:40.713   160   177 V BackupManagerService: Starting with transport android/com.android.internal.backup.LocalTransport
02-23 10:13:40.713   160   177 V BackupManagerService: Google transport not present
02-23 10:13:40.713   160   177 I BackupManagerService: Found stale backup journal, scheduling
02-23 10:13:40.713   160   177 I BackupManagerService:   android
02-23 10:13:40.713   160   177 I BackupManagerService:   com.android.browser
02-23 10:13:40.713   160   177 I BackupManagerService:   com.android.calendar
02-23 10:13:40.713   160   177 I BackupManagerService:   com.android.inputmethod.latin
02-23 10:13:40.723   160   177 I BackupManagerService:   com.android.providers.settings
02-23 10:13:40.723   160   177 I BackupManagerService:   com.android.providers.userdictionary
02-23 10:13:40.723   160   177 I BackupManagerService:   com.android.sharedstoragebackup
02-23 10:13:40.723   160   177 I BackupManagerService: Backup enabled => true
02-23 10:13:40.743   160   177 I SystemServer: AppWidget Service
02-23 10:13:40.743   160   177 I SystemServer: Recognition Service
02-23 10:13:40.743   160   177 I SystemServer: DiskStats Service
02-23 10:13:40.743   160   177 I SystemServer: SamplingProfiler Service
02-23 10:13:40.753   160   177 I SystemServer: NetworkTimeUpdateService
02-23 10:13:40.802   160   177 I SystemServer: CommonTimeManagementService
02-23 10:13:40.803   160   177 I SystemServer: CertBlacklister
02-23 10:13:40.803   160   177 I WindowManager: SAFE MODE not enabled
02-23 10:13:40.803   160   169 D dalvikvm: JIT started for system_server
02-23 10:13:41.053   160   177 D PowerManagerService: system ready!
02-23 10:13:41.143   160   191 V LockPatternKeyguardView: Set visibility on com.android.internal.policy.impl.LockPatternKeyguardView$4@413afce0 to 0
02-23 10:13:41.683   160   163 D dalvikvm: GC_CONCURRENT freed 502K, 6% free 9990K/10567K, paused 48ms+69ms, total 252ms
02-23 10:13:41.813   160   177 I ActivityManager: System now ready
02-23 10:13:41.813   160   177 I SystemServer: Making services ready
02-23 10:13:41.813   160   177 D SystemServer: Starting service: Intent { cmp=com.android.systemui/.SystemUIService }
02-23 10:13:41.823   160   177 I Zygote  : Process: zygote socket opened
02-23 10:13:41.873   160   177 I ActivityManager: Start proc com.android.systemui for service com.android.systemui/.SystemUIService: pid=219 uid=10022 gids={1028, 1015, 3002, 3001}
02-23 10:13:41.873   160   177 D NetworkManagementService: not enabling bandwidth control
02-23 10:13:41.873   160   177 W NetworkStats: bandwidth controls disabled, unable to track stats
02-23 10:13:41.873   160   177 W NetworkPolicy: bandwidth controls disabled, unable to enforce policy
02-23 10:13:41.883   160   177 I ActivityManager: Config changed: {1.0 0mcc0mnc en_US sw320dp w320dp h508dp nrml long port finger -keyb/v/h tball/v s.3}
02-23 10:13:41.913   160   177 W RecognitionManagerService: no available voice recognition services found
02-23 10:13:42.173   160   163 D dalvikvm: GC_CONCURRENT freed 415K, 6% free 10039K/10567K, paused 38ms+69ms, total 284ms
02-23 10:13:42.173   160   191 D dalvikvm: WAIT_FOR_CONCURRENT_GC blocked 188ms
02-23 10:13:42.313   160   191 D dalvikvm: GC_FOR_ALLOC freed 6K, 6% free 10032K/10567K, paused 132ms, total 139ms
02-23 10:13:42.313   160   191 I dalvikvm-heap: Grow heap (frag case) to 9.950MB for 104992-byte allocation
02-23 10:13:42.473   160   160 D dalvikvm: GC_FOR_ALLOC freed 10K, 6% free 10124K/10695K, paused 162ms, total 162ms
02-23 10:13:42.693   160   191 D dalvikvm: GC_FOR_ALLOC freed <1K, 6% free 10125K/10695K, paused 167ms, total 167ms
02-23 10:13:42.693   160   191 I dalvikvm-heap: Grow heap (frag case) to 10.041MB for 104992-byte allocation
02-23 10:13:42.863   160   194 D dalvikvm: GC_FOR_ALLOC freed <1K, 6% free 10227K/10823K, paused 165ms, total 165ms
02-23 10:13:42.883   219   219 E Trace   : error opening trace file: No such file or directory (2)
02-23 10:13:43.153   160   191 D dalvikvm: GC_FOR_ALLOC freed 3K, 5% free 10338K/10823K, paused 122ms, total 127ms
02-23 10:13:43.483   160   191 D dalvikvm: GC_FOR_ALLOC freed 14K, 5% free 10469K/10951K, paused 175ms, total 192ms
02-23 10:13:43.573   160   177 W InputMethodManagerService: Ignoring setImeWindowStatus of uid 1000 token: null
02-23 10:13:43.923   160   191 D dalvikvm: GC_FOR_ALLOC freed 39K, 5% free 10656K/11207K, paused 138ms, total 141ms
02-23 10:13:44.003   160   191 V TransportControlView: Create TCV com.android.internal.widget.TransportControlView@413e9e40
02-23 10:13:44.003   219   219 D SystemUIService: loading: class com.android.systemui.statusbar.phone.PhoneStatusBar
02-23 10:13:44.023   160   177 W InputMethodManagerService: Found no subtypes in a system IME: com.android.inputmethod.pinyin
02-23 10:13:44.083   219   219 D SystemUIService: running: com.android.systemui.statusbar.phone.PhoneStatusBar@412330c0
02-23 10:13:44.203   160   160 I StatusBarManagerService: registerStatusBar bar=com.android.internal.statusbar.IStatusBar$Stub$Proxy@413dba48
02-23 10:13:44.213   160   177 I ActivityManager: Start proc com.android.inputmethod.latin for service com.android.inputmethod.latin/.LatinIME: pid=233 uid=10000 gids={1028}
02-23 10:13:44.253   160   240 W GpsLocationProvider: Could not open GPS configuration file /etc/gps.conf
02-23 10:13:44.383   160   191 V KeyguardViewManager: KGVM: Set visibility on com.android.internal.policy.impl.KeyguardViewManager$KeyguardViewHost@413e3c58 to 6291456
02-23 10:13:44.424   160   177 I CommonTimeManagementService: No common time service detected on this platform.  Common time services will be unavailable.
02-23 10:13:44.494   160   196 I InputReader: Reconfiguring input devices.  changes=0x00000020
02-23 10:13:44.568   160   177 I ActivityManager: Start proc com.android.phone for added application com.android.phone: pid=249 uid=1001 gids={3002, 3001, 3003, 1015, 1028}
02-23 10:13:44.573   160   196 I InputReader: Reconfiguring input devices.  changes=0x00000010
02-23 10:13:44.593   160   177 I ActivityManager: START {act=android.intent.action.MAIN cat=[android.intent.category.HOME] flg=0x10000000 cmp=com.android.launcher/com.android.launcher2.Launcher u=0} from pid 0
02-23 10:13:44.773   160   245 E ThrottleService: problem during onPollAlarm: java.lang.IllegalStateException: problem parsing stats: java.io.FileNotFoundException: /proc/net/xt_qtaguid/iface_stat_all: open failed: ENOENT (No such file or directory)
02-23 10:13:44.843   160   177 I ActivityManager: Start proc com.android.launcher for activity com.android.launcher/com.android.launcher2.Launcher: pid=258 uid=10009 gids={1028}
02-23 10:13:44.843   160   177 I SystemServer: Enabled StrictMode for system server main thread.
02-23 10:13:45.023   160   190 D gralloc_goldfish: Emulator without GPU emulation detected.
02-23 10:13:45.383   219   223 D dalvikvm: GC_CONCURRENT freed 142K, 3% free 8225K/8455K, paused 17ms+1090ms, total 1321ms
02-23 10:13:45.394   160   178 I ActivityManager: Start proc com.android.settings for broadcast com.android.settings/.widget.SettingsAppWidgetProvider: pid=281 uid=1000 gids={1015, 3002, 3001, 3003, 1028}
02-23 10:13:45.530   160   177 I LocationManagerService: request passive (pid 160) 0 0
02-23 10:13:45.533   160   240 I LocationManagerService: whitelist: []
02-23 10:13:45.710   160   191 I Choreographer: Skipped 1191 frames!  The application may be doing too much work on its main thread.
02-23 10:13:45.723   160   240 I LocationManagerService: blacklist: []
02-23 10:13:45.793   233   233 E Trace   : error opening trace file: No such file or directory (2)
02-23 10:13:45.813   249   249 E Trace   : error opening trace file: No such file or directory (2)
02-23 10:13:45.883   258   258 E Trace   : error opening trace file: No such file or directory (2)
02-23 10:13:46.233   281   281 E Trace   : error opening trace file: No such file or directory (2)
02-23 10:13:46.543   160   163 D dalvikvm: GC_CONCURRENT freed 313K, 4% free 11027K/11399K, paused 62ms+149ms, total 594ms
02-23 10:13:46.543   160   191 D dalvikvm: WAIT_FOR_CONCURRENT_GC blocked 122ms
02-23 10:13:47.179   160   191 V LockPatternKeyguardView: Set visibility on com.android.internal.policy.impl.LockPatternKeyguardView$4@413afce0 to 8388608
02-23 10:13:47.204   160   191 I Choreographer: Skipped 273 frames!  The application may be doing too much work on its main thread.
02-23 10:13:47.304   258   258 I ActivityThread: Pub com.android.launcher2.settings: com.android.launcher2.LauncherProvider
02-23 10:13:47.983   249   249 I ActivityThread: Pub mms: com.android.providers.telephony.MmsProvider
02-23 10:13:48.126   160   190 W WindowManager: Window freeze timeout expired.
02-23 10:13:48.126   160   190 W WindowManager: Force clearing orientation change: Window{413f76a0 Keyguard paused=false}
02-23 10:13:48.213   249   249 I ActivityThread: Pub sms: com.android.providers.telephony.SmsProvider
02-23 10:13:48.274   233   236 D dalvikvm: GC_CONCURRENT freed 173K, 3% free 8206K/8455K, paused 29ms+41ms, total 846ms
02-23 10:13:48.324   249   249 I ActivityThread: Pub telephony: com.android.providers.telephony.TelephonyProvider
02-23 10:13:48.473   249   249 W TelephonyProvider: onCreate: confFile=/system/etc/apns-conf.xml oldCheckSum=-1
02-23 10:13:48.503   249   249 I ActivityThread: Pub icc: com.android.phone.IccProvider
02-23 10:13:48.523   160   191 V LockPatternKeyguardView: Set visibility on com.android.internal.policy.impl.LockPatternKeyguardView$4@413afce0 to 8388608
02-23 10:13:48.533   249   249 I ActivityThread: Pub mms-sms: com.android.providers.telephony.MmsSmsProvider
02-23 10:13:48.973   160   160 W InputMethodManagerService: Found no subtypes in a system IME: com.android.inputmethod.pinyin
02-23 10:13:49.036   233   233 W InputAttributes: No editor info for this field. Bug?
02-23 10:13:49.183   233   302 E ActivityThread: Failed to find provider info for com.android.inputmethod.latin.dictionarypack
02-23 10:13:49.583   160   191 I Choreographer: Skipped 329 frames!  The application may be doing too much work on its main thread.
02-23 10:13:49.733   233   302 E BinaryDictionaryGetter: Could not find a dictionary pack
02-23 10:13:49.933   160   305 I ActivityManager: Start proc android.process.acore for content provider com.android.providers.userdictionary/.UserDictionaryProvider: pid=308 uid=10001 gids={3003, 1015, 1028}
02-23 10:13:50.068   258   260 D dalvikvm: GC_CONCURRENT freed 134K, 3% free 8224K/8455K, paused 16ms+159ms, total 939ms
02-23 10:13:50.453   308   308 E Trace   : error opening trace file: No such file or directory (2)
02-23 10:13:50.543   160   191 I Choreographer: Skipped 248 frames!  The application may be doing too much work on its main thread.
02-23 10:13:51.053   326   326 D AndroidRuntime: 
02-23 10:13:51.053   326   326 D AndroidRuntime: >>>>>> AndroidRuntime START com.android.internal.os.RuntimeInit <<<<<<
02-23 10:13:51.063   326   326 D AndroidRuntime: CheckJNI is ON
02-23 10:13:51.153   326   326 D dalvikvm: Trying to load lib libjavacore.so 0x0
02-23 10:13:51.153   326   326 D dalvikvm: Added shared lib libjavacore.so 0x0
02-23 10:13:51.174   326   326 D dalvikvm: Trying to load lib libnativehelper.so 0x0
02-23 10:13:51.174   326   326 D dalvikvm: Added shared lib libnativehelper.so 0x0
02-23 10:13:51.643   160   163 D dalvikvm: GC_CONCURRENT freed 708K, 7% free 11041K/11847K, paused 77ms+7ms, total 1314ms
02-23 10:13:51.993   160   191 I Choreographer: Skipped 378 frames!  The application may be doing too much work on its main thread.
02-23 10:13:52.463   160   191 I Choreographer: Skipped 121 frames!  The application may be doing too much work on its main thread.
02-23 10:13:52.513   308   308 I ActivityThread: Pub com.android.voicemail: com.android.providers.contacts.VoicemailContentProvider
02-23 10:13:52.733   326   326 D AndroidRuntime: Calling main entry com.android.commands.pm.Pm
02-23 10:13:52.883   219   219 D dalvikvm: GC_FOR_ALLOC freed 48K, 2% free 8494K/8647K, paused 797ms, total 903ms
02-23 10:13:52.953   308   308 I ActivityThread: Pub applications: com.android.providers.applications.ApplicationsProvider
02-23 10:13:53.123   249   249 D CAT     : CatService: Running CAT service. STK app installed:false
02-23 10:13:53.123   249   249 D CAT     : CatService: NEW sInstance
02-23 10:13:53.230   160   181 I ActivityManager: Start proc com.android.defcontainer for service com.android.defcontainer/.DefaultContainerService: pid=340 uid=10013 gids={1015, 2001, 1028}
02-23 10:13:53.244   160   160 D dalvikvm: GREF has increased to 301
02-23 10:13:53.244   160   160 W ActivityManager: Unable to start service Intent { act=com.android.internal.telephony.IWapPushManager }: not found
02-23 10:13:53.723   249   251 D dalvikvm: GC_CONCURRENT freed 182K, 4% free 8233K/8519K, paused 17ms+5ms, total 947ms
02-23 10:13:53.943   340   340 E Trace   : error opening trace file: No such file or directory (2)
02-23 10:13:54.523   249   249 D CallManager: registerPhone(GSM Handler (com.android.internal.telephony.PhoneProxy) {4122eed8})
02-23 10:13:54.593   258   258 W ResourceType: Attempt to retrieve bag 0x7f0d0017 which is invalid or in a cycle.
02-23 10:13:54.613   258   258 W ResourceType: Attempt to retrieve bag 0x7f0d0017 which is invalid or in a cycle.
02-23 10:13:54.613   258   258 W ResourceType: Attempt to retrieve bag 0x7f0d0017 which is invalid or in a cycle.
02-23 10:13:54.613   258   258 W ResourceType: Attempt to retrieve bag 0x7f0d0017 which is invalid or in a cycle.
02-23 10:13:54.613   258   258 W ResourceType: Attempt to retrieve bag 0x7f0d0017 which is invalid or in a cycle.
02-23 10:13:54.653   308   308 I ActivityThread: Pub contacts;com.android.contacts: com.android.providers.contacts.ContactsProvider2
02-23 10:13:54.743   219   219 D PhoneStatusBar: disable: < expand icons alerts ticker system_info back home recent clock >
02-23 10:13:54.783   219   219 D StorageNotification: Startup with UMS connection false (media state unmounted)
02-23 10:13:54.853   219   358 I StorageNotification: UMS connection changed to false (media state unmounted)
02-23 10:13:54.873   160   160 W ActivityManager: Unable to start service Intent { act=com.android.ussd.IExtendedNetworkService }: not found
02-23 10:13:54.953   219   219 D SystemUIService: loading: class com.android.systemui.power.PowerUI
02-23 10:13:54.953   219   219 D SystemUIService: running: com.android.systemui.power.PowerUI@412b0070
02-23 10:13:54.973   219   219 D SystemUIService: loading: class com.android.systemui.media.RingtonePlayer
02-23 10:13:54.973   219   219 D SystemUIService: running: com.android.systemui.media.RingtonePlayer@412b0e80
02-23 10:13:55.133   219   219 D PhoneStatusBar: disable: < expand icons alerts ticker system_info BACK* HOME* RECENT* CLOCK* >
02-23 10:13:55.133   219   219 I Choreographer: Skipped 1259 frames!  The application may be doing too much work on its main thread.
02-23 10:13:55.483   160   177 W ActivityManager: Activity idle timeout for ActivityRecord{413bef38 com.android.launcher/com.android.launcher2.Launcher}
02-23 10:13:55.563   160   177 D PowerManagerService: bootCompleted
02-23 10:13:55.613   160   177 V DevicePolicyManagerService: Sending password expiration notifications for action android.intent.action.BOOT_COMPLETED
02-23 10:13:55.623    31    61 D VoldCmdListener: volume mount /mnt/sdcard
02-23 10:13:55.623    31    61 I Vold    : /dev/block/vold/179:0 being considered for volume sdcard
02-23 10:13:55.623    31    61 D Vold    : Volume sdcard state changing 1 (Idle-Unmounted) -> 3 (Checking)
02-23 10:13:55.633   160   199 D MountService: volume state changed for /mnt/sdcard (unmounted -> checking)
02-23 10:13:55.643   160   199 D MountService: sendStorageIntent Intent { act=android.intent.action.MEDIA_CHECKING dat=file:///mnt/sdcard (has extras) }
02-23 10:13:55.653   160   177 V WiredAccessoryObserver: init()
02-23 10:13:55.714   160   215 E SoundPool: error loading /system/media/audio/ui/Effect_Tick.ogg
02-23 10:13:55.714   160   215 W AudioService: Soundpool could not load file: /system/media/audio/ui/Effect_Tick.ogg
02-23 10:13:55.714   160   215 E SoundPool: error loading /system/media/audio/ui/Effect_Tick.ogg
02-23 10:13:55.714   160   215 W AudioService: Soundpool could not load file: /system/media/audio/ui/Effect_Tick.ogg
02-23 10:13:55.714   160   215 E SoundPool: error loading /system/media/audio/ui/Effect_Tick.ogg
02-23 10:13:55.714   160   215 W AudioService: Soundpool could not load file: /system/media/audio/ui/Effect_Tick.ogg
02-23 10:13:55.714   160   215 E SoundPool: error loading /system/media/audio/ui/Effect_Tick.ogg
02-23 10:13:55.714   160   215 W AudioService: Soundpool could not load file: /system/media/audio/ui/Effect_Tick.ogg
02-23 10:13:55.714   160   215 E SoundPool: error loading /system/media/audio/ui/Effect_Tick.ogg
02-23 10:13:55.714   160   215 W AudioService: Soundpool could not load file: /system/media/audio/ui/Effect_Tick.ogg
02-23 10:13:55.723   160   215 E SoundPool: error loading /system/media/audio/ui/KeypressStandard.ogg
02-23 10:13:55.723   160   215 W AudioService: Soundpool could not load file: /system/media/audio/ui/KeypressStandard.ogg
02-23 10:13:55.723   160   215 E SoundPool: error loading /system/media/audio/ui/KeypressSpacebar.ogg
02-23 10:13:55.723   160   215 W AudioService: Soundpool could not load file: /system/media/audio/ui/KeypressSpacebar.ogg
02-23 10:13:55.723   160   215 E SoundPool: error loading /system/media/audio/ui/KeypressDelete.ogg
02-23 10:13:55.723   160   215 W AudioService: Soundpool could not load file: /system/media/audio/ui/KeypressDelete.ogg
02-23 10:13:55.733   160   215 E SoundPool: error loading /system/media/audio/ui/KeypressReturn.ogg
02-23 10:13:55.733   160   215 W AudioService: Soundpool could not load file: /system/media/audio/ui/KeypressReturn.ogg
02-23 10:13:55.733   160   215 W AudioService: loadSoundEffects(), Error -1 while loading samples
02-23 10:13:55.893   160   296 D AlarmManagerService: Kernel timezone updated to 300 minutes west of GMT
02-23 10:13:54.943   249   249 W SystemClock: Unable to set rtc to 1361632434: Invalid argument
02-23 10:13:55.124   308   308 I ActivityThread: Pub call_log: com.android.providers.contacts.CallLogProvider
02-23 10:13:55.124   308   308 I ActivityThread: Pub user_dictionary: com.android.providers.userdictionary.UserDictionaryProvider
02-23 10:13:55.383   160   191 I Choreographer: Skipped 30 frames!  The application may be doing too much work on its main thread.
02-23 10:13:55.483   308   310 D dalvikvm: GC_CONCURRENT freed 177K, 3% free 8229K/8455K, paused 36ms+157ms, total 388ms
02-23 10:13:56.003   249   249 D SystemClock: Setting time of day to sec=1361632434
02-23 10:13:57.284   160   207 D WifiService: New client listening to asynchronous messages
02-23 10:13:57.463   160   286 D dalvikvm: WAIT_FOR_CONCURRENT_GC blocked 0ms
02-23 10:13:57.533   219   223 D dalvikvm: GC_CONCURRENT freed 72K, 2% free 8868K/9031K, paused 58ms+54ms, total 223ms
02-23 10:13:57.533   258   260 D dalvikvm: GC_CONCURRENT freed 146K, 3% free 8568K/8775K, paused 23ms+236ms, total 681ms
02-23 10:13:58.357   160   190 W WindowManager: Window freeze timeout expired.
02-23 10:13:58.357   160   190 W WindowManager: Force clearing orientation change: Window{4141ac90 StatusBar paused=false}
02-23 10:13:58.357   160   190 W WindowManager: Force clearing orientation change: Window{413eba90 com.android.systemui.ImageWallpaper paused=false}
02-23 10:13:58.393   160   286 D dalvikvm: GC_EXPLICIT freed 313K, 6% free 11165K/11847K, paused 6ms+8ms, total 935ms
02-23 10:13:58.843   219   219 D dalvikvm: GC_FOR_ALLOC freed 11K, 2% free 8882K/9031K, paused 90ms, total 102ms
02-23 10:13:58.903   160   362 I SearchManagerService: Building list of searchable activities
02-23 10:13:58.974   249   249 D DebugService: DebugService DebugService:
02-23 10:13:58.974   249   249 D TelephonyDebugService: TelephonyDebugService()
02-23 10:13:59.194   160   369 I ActivityManager: Start proc com.android.contacts for broadcast com.android.contacts/.calllog.CallLogReceiver: pid=377 uid=10001 gids={3003, 1015, 1028}
02-23 10:13:59.249   249   251 D dalvikvm: GC_CONCURRENT freed 366K, 5% free 8348K/8775K, paused 15ms+270ms, total 1151ms
02-23 10:13:59.324    31    61 I /system/bin/fsck_msdos: ** /dev/block/vold/179:0
02-23 10:13:59.855    31    61 I /system/bin/fsck_msdos: ** Phase 1 - Read and Compare FATs
02-23 10:13:59.883   377   377 E Trace   : error opening trace file: No such file or directory (2)
02-23 10:13:59.943   219   219 I dalvikvm-heap: Grow heap (frag case) to 15.750MB for 7372816-byte allocation
02-23 10:13:59.943    31    61 I /system/bin/fsck_msdos: Attempting to allocate 79 KB for FAT
02-23 10:14:00.144   219   223 D dalvikvm: GC_CONCURRENT freed <1K, 2% free 16081K/16263K, paused 16ms+116ms, total 203ms
02-23 10:14:00.144   219   231 D dalvikvm: WAIT_FOR_CONCURRENT_GC blocked 1ms
02-23 10:14:00.893   160   306 D AlarmManagerService: Kernel timezone updated to 300 minutes west of GMT
02-23 10:14:01.353    31    61 I /system/bin/fsck_msdos: Attempting to allocate 79 KB for FAT
02-23 10:14:01.473   219   219 D dalvikvm: GC_FOR_ALLOC freed <1K, 2% free 16082K/16263K, paused 80ms, total 80ms
02-23 10:14:01.543   219   219 I dalvikvm-heap: Grow heap (frag case) to 18.679MB for 3072016-byte allocation
02-23 10:14:01.553    31    61 I /system/bin/fsck_msdos: ** Phase 2 - Check Cluster Chains
02-23 10:14:01.619   160   393 I RecoverySystem: No recovery log file
02-23 10:14:01.653    31    61 I /system/bin/fsck_msdos: ** Phase 3 - Checking Directories
02-23 10:14:01.773    37    37 D dalvikvm: WAIT_FOR_CONCURRENT_GC blocked 0ms
02-23 10:14:01.783   160   177 I ActivityManager: Start proc com.android.providers.calendar for broadcast com.android.providers.calendar/.CalendarReceiver: pid=396 uid=10036 gids={3003, 1015, 1028}
02-23 10:14:01.823    37    37 D dalvikvm: GC_EXPLICIT freed 34K, 4% free 7964K/8259K, paused 3ms+4ms, total 57ms
02-23 10:14:01.875    37    37 D dalvikvm: WAIT_FOR_CONCURRENT_GC blocked 0ms
02-23 10:14:01.913    37    37 D dalvikvm: GC_EXPLICIT freed <1K, 4% free 7964K/8259K, paused 4ms+4ms, total 40ms
02-23 10:14:01.923    37    37 D dalvikvm: WAIT_FOR_CONCURRENT_GC blocked 0ms
02-23 10:14:01.979   219   223 D dalvikvm: GC_CONCURRENT freed 0K, 1% free 19082K/19271K, paused 16ms+5ms, total 430ms
02-23 10:14:01.979   219   219 D dalvikvm: WAIT_FOR_CONCURRENT_GC blocked 415ms
02-23 10:14:01.994   219   219 D gralloc_goldfish: Emulator without GPU emulation detected.
02-23 10:14:02.064    37    37 D dalvikvm: GC_EXPLICIT freed <1K, 4% free 7964K/8259K, paused 4ms+4ms, total 148ms
02-23 10:14:02.123   160   393 I ActivityManager: Start proc android.process.media for content provider com.android.providers.downloads/.DownloadProvider: pid=401 uid=10010 gids={1015, 1023, 1024, 1028, 1006, 2001, 3003, 3007}
02-23 10:14:02.273    31    61 I /system/bin/fsck_msdos: ** Phase 4 - Checking for Lost Files
02-23 10:14:02.333   219   219 I Choreographer: Skipped 2163 frames!  The application may be doing too much work on its main thread.
02-23 10:14:02.503    31    61 I /system/bin/fsck_msdos: Next free cluster in FSInfo block (19) not free
02-23 10:14:02.703    31    61 I /system/bin/fsck_msdos: FIXED
02-23 10:14:02.766    31    61 I /system/bin/fsck_msdos: 16 files, 10056 free (20113 clusters)
02-23 10:14:02.793    36   270 I SurfaceFlinger: Boot is finished (46868 ms)
02-23 10:14:02.873   219   358 I StorageNotification: Media {/mnt/sdcard} state changed from {unmounted} -> {checking}
02-23 10:14:03.143   160   190 I Choreographer: Skipped 90 frames!  The application may be doing too much work on its main thread.
02-23 10:14:03.194   396   396 E Trace   : error opening trace file: No such file or directory (2)
02-23 10:14:03.267   249   249 D CAT     : CatService: SIM ready. Reporting STK service running now...
02-23 10:14:03.393   401   401 E Trace   : error opening trace file: No such file or directory (2)
02-23 10:14:03.423   396   396 I ActivityThread: Pub com.android.calendar: com.android.providers.calendar.CalendarProvider2
02-23 10:14:03.533   219   219 I Choreographer: Skipped 145 frames!  The application may be doing too much work on its main thread.
02-23 10:14:03.633   401   401 I ActivityThread: Pub media: com.android.providers.media.MediaProvider
02-23 10:14:03.703   219   219 D PhoneStatusBar: addNotification score=0
02-23 10:14:03.813   249   249 D MccTable: updateMccMncConfiguration: mcc=310, mnc=260
02-23 10:14:03.813   249   249 D MccTable: locale set to en_us
02-23 10:14:03.813   249   249 D MccTable: WIFI_COUNTRY_CODE set to us
02-23 10:14:03.823   160   306 I WifiService: WifiService trying to set country code to us with persist set to true
02-23 10:14:03.853   160   286 I ActivityManager: Config changed: {1.0 310mcc260mnc en_US sw320dp w320dp h508dp nrml long port finger -keyb/v/h tball/v s.4}
02-23 10:14:03.893    36   101 W SurfaceFlinger: createScreenshotSurface failed (Function not implemented)
02-23 10:14:04.403    31    61 I Vold    : Filesystem check completed OK
02-23 10:14:04.413    31    61 I Vold    : Device /dev/block/vold/179:0, target /mnt/sdcard mounted @ /mnt/secure/staging
02-23 10:14:04.413    31    61 D Vold    : Volume sdcard state changing 3 (Checking) -> 4 (Mounted)
02-23 10:14:04.443   401   401 I ActivityThread: Pub downloads: com.android.providers.downloads.DownloadProvider
02-23 10:14:04.463   249   251 D dalvikvm: GC_CONCURRENT freed 313K, 5% free 8565K/8967K, paused 17ms+72ms, total 262ms
02-23 10:14:04.493   160   199 D MountService: volume state changed for /mnt/sdcard (checking -> mounted)
02-23 10:14:04.493   160   199 I PackageManager: Updating external media status from unmounted to mounted
02-23 10:14:04.503   160   199 D MountService: sendStorageIntent Intent { act=android.intent.action.MEDIA_MOUNTED dat=file:///mnt/sdcard (has extras) }
02-23 10:14:04.513   160   361 E VoldConnector: NDC Command {3 volume mount /mnt/sdcard} took too long (10003ms)
02-23 10:14:04.613   401   401 I ActivityThread: Pub drm: com.android.providers.drm.DrmProvider
02-23 10:14:04.613   401   427 I DownloadManager: in removeSpuriousFiles
02-23 10:14:04.793   160   305 I ActivityManager: Start proc com.android.mms for broadcast com.android.mms/.transaction.MmsSystemEventReceiver: pid=429 uid=10002 gids={3003, 1015, 1028}
02-23 10:14:04.813   160   306 D dalvikvm: GREF has increased to 401
02-23 10:14:04.863   219   219 I Choreographer: Skipped 191 frames!  The application may be doing too much work on its main thread.
02-23 10:14:04.954   219   219 D SizeAdaptiveLayout: com.android.internal.widget.SizeAdaptiveLayout@412b65d0child view android.widget.FrameLayout@412ba8a8 measured out of bounds at 95px clamped to 96px
02-23 10:14:05.044   219   358 I StorageNotification: Media {/mnt/sdcard} state changed from {checking} -> {mounted}
02-23 10:14:05.064   219   219 D SizeAdaptiveLayout: com.android.internal.widget.SizeAdaptiveLayout@412b65d0child view android.widget.FrameLayout@412ba8a8 measured out of bounds at 95px clamped to 96px
02-23 10:14:05.194   429   429 E Trace   : error opening trace file: No such file or directory (2)
02-23 10:14:05.233   249   251 D dalvikvm: GC_CONCURRENT freed 464K, 6% free 8574K/9095K, paused 16ms+82ms, total 164ms
02-23 10:14:05.413   219   219 I Choreographer: Skipped 37 frames!  The application may be doing too much work on its main thread.
02-23 10:14:05.733   219   219 I Choreographer: Skipped 34 frames!  The application may be doing too much work on its main thread.
02-23 10:14:05.883   429   429 I ActivityThread: Pub mms_temp_file: com.android.mms.TempFileProvider
02-23 10:14:05.883   429   429 I ActivityThread: Pub com.android.mms.SuggestionsProvider: com.android.mms.SuggestionsProvider
02-23 10:14:06.104   160   286 D CountryDetector: The first listener is added
02-23 10:14:06.183   429   429 V MmsConfig: mnc/mcc: 310260
02-23 10:14:06.194   429   429 V MmsConfig: tag: bool value: enabledMMS - true
02-23 10:14:06.194   429   429 V MmsConfig: tag: int value: maxMessageSize - 307200
02-23 10:14:06.194   429   429 V MmsConfig: tag: int value: maxImageHeight - 480
02-23 10:14:06.203   429   429 V MmsConfig: tag: int value: maxImageWidth - 640
02-23 10:14:06.203   429   429 V MmsConfig: tag: int value: defaultSMSMessagesPerThread - 500
02-23 10:14:06.203   429   429 V MmsConfig: tag: int value: defaultMMSMessagesPerThread - 50
02-23 10:14:06.203   429   429 V MmsConfig: tag: int value: minMessageCountPerThread - 10
02-23 10:14:06.214   429   429 V MmsConfig: tag: int value: maxMessageCountPerThread - 5000
02-23 10:14:06.214   429   429 V MmsConfig: tag: string value: uaProfUrl - http://www.google.com/oha/rdf/ua-profile-kila.xml
02-23 10:14:06.214   429   429 V MmsConfig: tag: int value: recipientLimit - -1
02-23 10:14:06.214   429   429 V MmsConfig: tag: bool value: enableMultipartSMS - true
02-23 10:14:06.214   429   429 V MmsConfig: tag: int value: smsToMmsTextThreshold - -1
02-23 10:14:06.214   429   429 V MmsConfig: tag: bool value: enableSlideDuration - true
02-23 10:14:06.214   429   429 V MmsConfig: tag: int value: maxMessageTextSize - -1
02-23 10:14:06.233   160   163 D dalvikvm: GC_CONCURRENT freed 674K, 7% free 11289K/12039K, paused 123ms+38ms, total 363ms
02-23 10:14:06.233   160   160 D dalvikvm: WAIT_FOR_CONCURRENT_GC blocked 87ms
02-23 10:14:06.303   160   208 D ConnectivityService: ConnectivityChange for mobile: CONNECTED/CONNECTED
02-23 10:14:06.443   160   181 W ActivityManager: No content provider found for permission revoke: file:///data/local/tmp/AndroidEx.apk
02-23 10:14:06.703   160   181 W ActivityManager: No content provider found for permission revoke: file:///data/local/tmp/AndroidEx.apk
02-23 10:14:06.713    31    61 D VoldCmdListener: asec list
