02-23 10:14:06.783   160   181 I PackageManager: No secure containers on sdcard
02-23 10:14:06.864   429   431 D dalvikvm: GC_CONCURRENT freed 211K, 4% free 8200K/8519K, paused 270ms+4ms, total 306ms
02-23 10:14:06.914   160   181 W PackageManager: Unknown permission com.google.android.googleapps.permission.GOOGLE_AUTH.mail in package com.android.contacts
02-23 10:14:06.944   160   181 W PackageManager: Unknown permission android.permission.ADD_SYSTEM_SERVICE in package com.android.phone
02-23 10:14:07.053   160   181 W PackageManager: Unknown permission com.android.smspush.WAPPUSH_MANAGER_BIND in package com.android.phone
02-23 10:14:07.064   377   379 D dalvikvm: GC_CONCURRENT freed 165K, 3% free 8208K/8455K, paused 5ms+3ms, total 71ms
02-23 10:14:07.074   160   181 W PackageManager: Unknown permission com.google.android.googleapps.permission.GOOGLE_AUTH in package com.android.providers.calendar
02-23 10:14:07.074   160   181 W PackageManager: Unknown permission com.google.android.googleapps.permission.GOOGLE_AUTH.cl in package com.android.providers.calendar
02-23 10:14:07.074   160   181 W PackageManager: Unknown permission com.google.android.googleapps.permission.GOOGLE_AUTH.mail in package com.android.calendar
02-23 10:14:07.083   160   181 W PackageManager: Not granting permission android.permission.SEND_DOWNLOAD_COMPLETED_INTENTS to package com.android.browser (protectionLevel=2 flags=0x9be45)
02-23 10:14:07.094   160   181 W PackageManager: Not granting permission android.permission.BIND_APPWIDGET to package com.android.widgetpreview (protectionLevel=18 flags=0x8be44)
02-23 10:14:07.124   160   181 W PackageManager: Unknown permission com.google.android.googleapps.permission.GOOGLE_AUTH in package com.android.providers.contacts
02-23 10:14:07.124   160   181 W PackageManager: Unknown permission com.google.android.googleapps.permission.GOOGLE_AUTH.cp in package com.android.providers.contacts
02-23 10:14:07.154   160   181 W PackageManager: Unknown permission com.google.android.googleapps.permission.GOOGLE_AUTH in package com.android.settings
02-23 10:14:07.443   160   181 W PackageManager: Unknown permission com.google.android.googleapps.permission.ACCESS_GOOGLE_PASSWORD in package com.android.development
02-23 10:14:07.493   160   181 W PackageManager: Unknown permission com.google.android.googleapps.permission.GOOGLE_AUTH in package com.android.development
02-23 10:14:07.493   160   181 W PackageManager: Unknown permission com.google.android.googleapps.permission.GOOGLE_AUTH.ALL_SERVICES in package com.android.development
02-23 10:14:07.493   160   181 W PackageManager: Unknown permission com.google.android.googleapps.permission.GOOGLE_AUTH.YouTubeUser in package com.android.development
02-23 10:14:07.543   160   181 W PackageManager: Not granting permission android.permission.DEVICE_POWER to package com.android.deskclock (protectionLevel=2 flags=0x8be45)
02-23 10:14:07.793   396   396 I CalendarProvider2: Sending notification intent: Intent { act=android.intent.action.PROVIDER_CHANGED dat=content://com.android.calendar }
02-23 10:14:07.803   396   396 W ContentResolver: Failed to get type for: content://com.android.calendar (Unknown URL content://com.android.calendar)
02-23 10:14:08.343   377   456 I AccountTypeManager: Loaded meta-data for 1 account types, 0 accounts in 1388ms(wall) 34ms(cpu)
02-23 10:14:08.423   160   306 I ActivityManager: Start proc com.android.deskclock for broadcast com.android.deskclock/.AlarmInitReceiver: pid=459 uid=10030 gids={1028}
02-23 10:14:08.523   459   459 E Trace   : error opening trace file: No such file or directory (2)
02-23 10:14:08.583   459   459 I ActivityThread: Pub com.android.deskclock: com.android.deskclock.AlarmProvider
02-23 10:14:08.703   459   472 V AlarmClock: AlarmInitReceiver finished
02-23 10:14:08.723   160   305 I ActivityManager: Start proc com.android.email for broadcast com.android.email/.service.EmailBroadcastReceiver: pid=475 uid=10005 gids={3003, 1015, 1028}
02-23 10:14:08.804   475   475 E Trace   : error opening trace file: No such file or directory (2)
02-23 10:14:08.894   160   190 W WindowManager: App freeze timeout expired.
02-23 10:14:08.894   160   190 W WindowManager: Force clearing freeze: AppWindowToken{4138dfb8 token=Token{413bf370 ActivityRecord{413bef38 com.android.launcher/com.android.launcher2.Launcher}}}
02-23 10:14:08.974    36   101 I ARMAssembler: generated scanline__00000077:03010104_00008002_00000000 [ 89 ipp] (110 ins) at [0x413b01e8:0x413b03a0] in 4523000 ns
02-23 10:14:09.054    36   101 I ARMAssembler: generated scanline__00000077:03515104_00008001_00000000 [113 ipp] (134 ins) at [0x413b03a8:0x413b05c0] in 2942000 ns
02-23 10:14:09.163    36   101 I ARMAssembler: generated scanline__00000077:03545404_00000000_00000000 [ 29 ipp] (43 ins) at [0x413b05c8:0x413b0674] in 855000 ns
02-23 10:14:09.253   475   475 I ActivityThread: Pub com.android.email.provider;com.android.email.notifier: com.android.email.provider.EmailProvider
02-23 10:14:09.363   475   475 I ActivityThread: Pub com.android.email.attachmentprovider: com.android.email.provider.AttachmentProvider
02-23 10:14:09.433   160   457 I ActivityManager: Start proc com.android.exchange for service com.android.exchange/.ExchangeService: pid=492 uid=10031 gids={3003, 1015, 1028}
02-23 10:14:09.563   492   492 E Trace   : error opening trace file: No such file or directory (2)
02-23 10:14:09.703   160   209 D Tethering: MasterInitialState.processMessage what=3
02-23 10:14:09.763   492   492 I ActivityThread: Pub com.android.exchange.directory.provider: com.android.exchange.provider.ExchangeDirectoryProvider
02-23 10:14:09.773   401   438 D dalvikvm: GREF has increased to 201
02-23 10:14:09.864   475   477 D dalvikvm: GC_CONCURRENT freed 207K, 4% free 8206K/8519K, paused 90ms+52ms, total 209ms
02-23 10:14:09.884   492   508 D ExchangeService: !!! EAS ExchangeService, onCreate
02-23 10:14:09.904   249   376 D MmsSmsDatabaseHelper: [MmsSmsDb] tableName: threads hasAutoIncrement: CREATE TABLE threads (_id INTEGER PRIMARY KEY AUTOINCREMENT,date INTEGER DEFAULT 0,message_count INTEGER DEFAULT 0,recipient_ids TEXT,snippet TEXT,snippet_cs INTEGER DEFAULT 0,read INTEGER DEFAULT 1,type INTEGER DEFAULT 0,error INTEGER DEFAULT 0,has_attachment INTEGER DEFAULT 0) result: true
02-23 10:14:09.964   492   505 D Eas Debug: Logging: 
02-23 10:14:09.984   249   376 D MmsSmsDatabaseHelper: [MmsSmsDb] tableName: canonical_addresses hasAutoIncrement: CREATE TABLE canonical_addresses (_id INTEGER PRIMARY KEY AUTOINCREMENT,address TEXT) result: true
02-23 10:14:09.994   475   503 D EmailProvider: fromDatabase accounts: 0
02-23 10:14:09.994   475   503 D EmailProvider: ending toDatabase transaction; copyCount = 0
02-23 10:14:10.004   475   503 D EmailProvider: ending fromDatabase transaction; copyCount = 0
02-23 10:14:10.014   249   376 D MmsSmsDatabaseHelper: [getWritableDatabase] hasAutoIncrementThreads: true hasAutoIncrementAddresses: true
02-23 10:14:10.493   160   163 D dalvikvm: GC_CONCURRENT freed 635K, 7% free 11428K/12167K, paused 19ms+20ms, total 101ms
02-23 10:14:10.653   258   260 D dalvikvm: GC_CONCURRENT freed 232K, 4% free 8793K/9095K, paused 21ms+4ms, total 112ms
02-23 10:14:10.683   258   301 W Launcher.Model: LoaderTask running with no launcher (loadAllAppsByBatch)
02-23 10:14:10.763   160   181 I PackageManager: Removing non-system package:com.research.fstakem
02-23 10:14:10.844   160   181 I PackageManager: Package com.research.fstakem codePath changed from /data/app/com.research.fstakem-1.apk to /data/app/com.research.fstakem-2.apk; Retaining data and using new
02-23 10:14:10.854   160   181 I PackageManager: Running dexopt on: com.research.fstakem
02-23 10:14:10.934   160   190 D dalvikvm: WAIT_FOR_CONCURRENT_GC blocked 0ms
02-23 10:14:11.094   160   190 D dalvikvm: GC_EXPLICIT freed 500K, 8% free 11271K/12167K, paused 6ms+18ms, total 165ms
02-23 10:14:11.633   515   515 D dalvikvm: DexOpt: load 107ms, verify+opt 392ms, 769020 bytes
02-23 10:14:11.643   160   181 W PackageManager: Code path for pkg : com.research.fstakem changing from /data/app/com.research.fstakem-1.apk to /data/app/com.research.fstakem-2.apk
02-23 10:14:11.643   160   181 W PackageManager: Resource path for pkg : com.research.fstakem changing from /data/app/com.research.fstakem-1.apk to /data/app/com.research.fstakem-2.apk
02-23 10:14:11.733   160   181 D PackageManager: New package installed in /data/app/com.research.fstakem-2.apk
02-23 10:14:12.024   160   178 I ActivityManager: Force stopping package com.research.fstakem uid=10044
02-23 10:14:12.034   160   178 I ActivityManager: Force stopping package com.research.fstakem uid=10044
02-23 10:14:12.104   258   258 W ResourceType: Attempt to retrieve bag 0x7f0d0017 which is invalid or in a cycle.
02-23 10:14:12.104   258   258 W ResourceType: Attempt to retrieve bag 0x7f0d0017 which is invalid or in a cycle.
02-23 10:14:12.113   258   258 W ResourceType: Attempt to retrieve bag 0x7f0d0017 which is invalid or in a cycle.
02-23 10:14:12.113   258   258 W ResourceType: Attempt to retrieve bag 0x7f0d0017 which is invalid or in a cycle.
02-23 10:14:12.113   258   258 W ResourceType: Attempt to retrieve bag 0x7f0d0017 which is invalid or in a cycle.
02-23 10:14:12.433   258   258 D Launcher.Model: Reload apps on config change. curr_mcc:310 prevmcc:0
02-23 10:14:12.453   258   260 D dalvikvm: GC_CONCURRENT freed 336K, 5% free 8863K/9287K, paused 34ms+14ms, total 123ms
02-23 10:14:12.533   492   492 D ExchangeService: !!! EAS ExchangeService, onStartCommand, startingUp = false, running = false
02-23 10:14:12.573   492   492 D ExchangeService: !!! EAS ExchangeService, onStartCommand, startingUp = true, running = false
02-23 10:14:12.593   492   492 D ExchangeService: !!! EAS ExchangeService, onStartCommand, startingUp = true, running = false
02-23 10:14:12.653   160   306 I ActivityManager: Start proc com.android.calendar for broadcast com.android.calendar/.widget.CalendarAppWidgetService$CalendarFactory: pid=522 uid=10019 gids={3003, 1028}
02-23 10:14:12.673   160   181 I ActivityManager: Force stopping package com.research.fstakem uid=10044
02-23 10:14:12.713   258   258 I Choreographer: Skipped 542 frames!  The application may be doing too much work on its main thread.
02-23 10:14:12.753   308   308 D dalvikvm: WAIT_FOR_CONCURRENT_GC blocked 0ms
02-23 10:14:12.834   308   308 D dalvikvm: GC_EXPLICIT freed 233K, 4% free 8299K/8583K, paused 4ms+5ms, total 79ms
02-23 10:14:12.984   522   522 E Trace   : error opening trace file: No such file or directory (2)
02-23 10:14:13.163   258   258 D gralloc_goldfish: Emulator without GPU emulation detected.
02-23 10:14:13.184   160   196 I InputReader: Reconfiguring input devices.  changes=0x00000010
02-23 10:14:13.213   160   177 D PackageManager: generateServicesMap(android.accounts.AccountAuthenticator): 2 services unchanged
02-23 10:14:13.303   160   177 D PackageManager: generateServicesMap(android.content.SyncAdapter): 4 services unchanged
02-23 10:14:13.303   160   177 D BackupManagerService: Received broadcast Intent { act=android.intent.action.PACKAGE_REMOVED dat=package:com.research.fstakem flg=0x8000010 (has extras) }
02-23 10:14:13.484   522   522 I ActivityThread: Pub com.android.calendar.CalendarRecentSuggestionsProvider: com.android.calendar.CalendarRecentSuggestionsProvider
02-23 10:14:13.493   160   511 D dalvikvm: WAIT_FOR_CONCURRENT_GC blocked 0ms
02-23 10:14:13.583   377   456 I AccountTypeManager: Loaded meta-data for 1 account types, 0 accounts in 52ms(wall) 4ms(cpu)
02-23 10:14:13.683   160   511 D dalvikvm: GC_EXPLICIT freed 432K, 8% free 11293K/12167K, paused 90ms+20ms, total 185ms
02-23 10:14:13.693   258   258 I Choreographer: Skipped 70 frames!  The application may be doing too much work on its main thread.
02-23 10:14:13.804   160   190 I ActivityManager: Displayed com.android.launcher/com.android.launcher2.Launcher: +30s207ms
02-23 10:14:13.894   160   243 D GpsLocationProvider: NTP server returned: 1361632454244 (Sat Feb 23 10:14:14 EST 2013) reference: 60997 certainty: 104 system time offset: 344
02-23 10:14:13.903   160   177 D PackageManager: generateServicesMap(android.accounts.AccountAuthenticator): 2 services unchanged
02-23 10:14:13.914   160   196 I InputReader: Reconfiguring input devices.  changes=0x00000010
02-23 10:14:13.924   160   177 D PackageManager: generateServicesMap(android.content.SyncAdapter): 4 services unchanged
02-23 10:14:13.934   160   177 D BackupManagerService: Received broadcast Intent { act=android.intent.action.PACKAGE_ADDED dat=package:com.research.fstakem flg=0x8000010 (has extras) }
02-23 10:14:13.934   160   177 V BackupManagerService: removePackageParticipantsLocked: uid=10044 #1
02-23 10:14:14.003   160   177 V BackupManagerService: addPackageParticipantsLocked: #1
02-23 10:14:14.044   459   472 V AlarmClock: AlarmInitReceiver finished
02-23 10:14:14.159   160   181 D dalvikvm: WAIT_FOR_CONCURRENT_GC blocked 0ms
02-23 10:14:14.203   377   456 I AccountTypeManager: Loaded meta-data for 1 account types, 0 accounts in 38ms(wall) 3ms(cpu)
02-23 10:14:14.273   160   185 W InputMethodManagerService: Found no subtypes in a system IME: com.android.inputmethod.pinyin
02-23 10:14:14.498   401   401 D MediaScannerReceiver: action: android.intent.action.MEDIA_MOUNTED path: /mnt/sdcard
02-23 10:14:14.593   492   521 D ExchangeService: Received deviceId from Email app: androidc259148960
02-23 10:14:14.593   492   521 D ExchangeService: Reconciling accounts...
02-23 10:14:14.643   492   492 D ExchangeService: !!! EAS ExchangeService, onStartCommand, startingUp = true, running = false
02-23 10:14:14.884   258   260 D dalvikvm: GC_CONCURRENT freed 357K, 5% free 8967K/9415K, paused 21ms+81ms, total 161ms
02-23 10:14:14.894   522   522 D AlertReceiver: onReceive: a=android.intent.action.PROVIDER_CHANGED Intent { act=android.intent.action.PROVIDER_CHANGED dat=content://com.android.calendar flg=0x10 cmp=com.android.calendar/.alerts.AlertReceiver }
02-23 10:14:14.954   258   258 D dalvikvm: GC_FOR_ALLOC freed 108K, 6% free 8858K/9415K, paused 65ms, total 68ms
02-23 10:14:14.964   258   258 I dalvikvm-heap: Grow heap (frag case) to 9.025MB for 345760-byte allocation
02-23 10:14:15.004   258   258 D dalvikvm: GC_FOR_ALLOC freed <1K, 7% free 9196K/9799K, paused 33ms, total 33ms
02-23 10:14:15.034   258   258 D dalvikvm: GC_FOR_ALLOC freed <1K, 7% free 9197K/9799K, paused 25ms, total 25ms
02-23 10:14:15.034   258   258 I dalvikvm-heap: Grow heap (frag case) to 9.356MB for 345760-byte allocation
02-23 10:14:15.063   258   258 D dalvikvm: GC_FOR_ALLOC freed <1K, 7% free 9534K/10183K, paused 24ms, total 24ms
02-23 10:14:15.103   258   258 D dalvikvm: GC_FOR_ALLOC freed <1K, 7% free 9535K/10183K, paused 34ms, total 34ms
02-23 10:14:15.103   258   258 I dalvikvm-heap: Grow heap (frag case) to 9.686MB for 345760-byte allocation
02-23 10:14:15.143   258   258 D dalvikvm: GC_FOR_ALLOC freed <1K, 7% free 9873K/10567K, paused 25ms, total 25ms
02-23 10:14:15.204   258   258 D dalvikvm: GREF has increased to 201
02-23 10:14:15.213   258   258 I Choreographer: Skipped 113 frames!  The application may be doing too much work on its main thread.
02-23 10:14:15.473   401   544 W MediaProvider: no database for scanned volume external
02-23 10:14:15.493   522   556 D AlertService: 0 Action = android.intent.action.PROVIDER_CHANGED
02-23 10:14:15.503   492   505 D Eas Debug: Logging: 
02-23 10:14:15.553   522   556 D AlertService: Beginning updateAlertNotification
02-23 10:14:15.563   160   160 I ActivityManager: Start proc com.android.keychain for broadcast com.android.keychain/.KeyChainBroadcastReceiver: pid=561 uid=1000 gids={1015, 3002, 3001, 3003, 1028}
02-23 10:14:15.633   561   561 E Trace   : error opening trace file: No such file or directory (2)
02-23 10:14:15.743   160   512 I ActivityManager: Start proc com.svox.pico for broadcast com.svox.pico/.VoiceDataInstallerReceiver: pid=575 uid=10026 gids={1015, 1028}
02-23 10:14:15.814   575   575 E Trace   : error opening trace file: No such file or directory (2)
02-23 10:14:15.844   575   575 I ActivityThread: Pub com.svox.pico.providers.SettingsProvider: com.svox.pico.providers.SettingsProvider
02-23 10:14:16.004   160   512 W ActivityManager: Permission denied: checkComponentPermission() owningUid=1000
02-23 10:14:16.004   160   512 W BroadcastQueue: Permission Denial: broadcasting Intent { act=android.appwidget.action.APPWIDGET_UPDATE_OPTIONS flg=0x10 cmp=com.android.settings/.widget.SettingsAppWidgetProvider (has extras) } from android (pid=258, uid=10009) is not exported from uid 1000 due to receiver com.android.settings/com.android.settings.widget.SettingsAppWidgetProvider
02-23 10:14:16.483   522   556 D AlertService: No fired or scheduled alerts
02-23 10:14:16.673   160   181 D dalvikvm: GC_EXPLICIT freed 536K, 8% free 11302K/12167K, paused 394ms+78ms, total 2520ms
02-23 10:14:16.713   160   185 W RecognitionManagerService: no available voice recognition services found
02-23 10:14:16.713   326   326 D AndroidRuntime: Shutting down VM
02-23 10:14:16.733   326   330 D dalvikvm: GC_CONCURRENT freed 97K, 78% free 453K/2048K, paused 1ms+1ms, total 9ms
02-23 10:14:16.733   326   332 D jdwp    : Got wake-up signal, bailing out of select
02-23 10:14:16.733   326   332 D dalvikvm: Debugger has detached; object registry had 1 entries
02-23 10:14:16.743   326   593 I AndroidRuntime: NOTE: attach of thread 'Binder_3' failed
02-23 10:14:16.854   401   403 D dalvikvm: GC_CONCURRENT freed 247K, 5% free 8177K/8519K, paused 6ms+6ms, total 65ms
02-23 10:14:17.473   160   178 I ActivityManager: Start proc com.android.quicksearchbox for broadcast com.android.quicksearchbox/.CorporaUpdateReceiver: pid=601 uid=10029 gids={3003, 1028}
02-23 10:14:17.493   600   600 D AndroidRuntime: 
02-23 10:14:17.493   600   600 D AndroidRuntime: >>>>>> AndroidRuntime START com.android.internal.os.RuntimeInit <<<<<<
02-23 10:14:17.493   258   260 D dalvikvm: GC_CONCURRENT freed 212K, 4% free 10205K/10567K, paused 30ms+88ms, total 184ms
02-23 10:14:17.503   600   600 D AndroidRuntime: CheckJNI is ON
02-23 10:14:17.563   600   600 D dalvikvm: Trying to load lib libjavacore.so 0x0
02-23 10:14:17.583   600   600 D dalvikvm: Added shared lib libjavacore.so 0x0
02-23 10:14:17.623   600   600 D dalvikvm: Trying to load lib libnativehelper.so 0x0
02-23 10:14:17.623   600   600 D dalvikvm: Added shared lib libnativehelper.so 0x0
02-23 10:14:17.774   601   601 E Trace   : error opening trace file: No such file or directory (2)
02-23 10:14:17.904   601   601 I ActivityThread: Pub com.android.quicksearchbox.google: com.android.quicksearchbox.google.GoogleSuggestionProvider
02-23 10:14:17.964   601   601 I ActivityThread: Pub com.android.quicksearchbox.shortcuts: com.android.quicksearchbox.ShortcutsProvider
02-23 10:14:18.023   401   544 W MediaScanner: Error opening directory '/mnt/sdcard/.android_secure/', skipping: Permission denied.
02-23 10:14:18.603   600   600 D AndroidRuntime: Calling main entry com.android.commands.am.Am
02-23 10:14:18.643   160   306 I ActivityManager: START {act=android.intent.action.MAIN cat=[android.intent.category.LAUNCHER] flg=0x10000000 cmp=com.research.fstakem/.MainActivity u=0} from pid 600
02-23 10:14:18.653    36    36 D PermissionCache: checking android.permission.READ_FRAME_BUFFER for uid=1000 => granted (701 us)
02-23 10:14:18.674   160   306 W WindowManager: Failure taking screenshot for (246x410) to layer 21000
02-23 10:14:18.703   600   600 D AndroidRuntime: Shutting down VM
02-23 10:14:18.713   600   617 D dalvikvm: GC_CONCURRENT freed 98K, 77% free 483K/2048K, paused 1ms+1ms, total 10ms
02-23 10:14:18.713   600   626 I AndroidRuntime: NOTE: attach of thread 'Binder_3' failed
02-23 10:14:18.724   624   624 D dalvikvm: Not late-enabling CheckJNI (already on)
02-23 10:14:18.744   160   511 I ActivityManager: Start proc com.research.fstakem for activity com.research.fstakem/.MainActivity: pid=624 uid=10044 gids={1028}
02-23 10:14:19.043   624   624 E Trace   : error opening trace file: No such file or directory (2)
02-23 10:14:19.223   624   624 I ActivityCycle: Activity created!
02-23 10:14:19.303   160   286 D dalvikvm: GREF has increased to 501
02-23 10:14:19.453   624   624 D gralloc_goldfish: Emulator without GPU emulation detected.
02-23 10:14:19.543   160   190 I ActivityManager: Displayed com.research.fstakem/.MainActivity: +848ms
02-23 10:14:20.073   258   258 I Launcher: setLoadOnResume
02-23 10:14:20.103   401   544 V MediaScanner: pruneDeadThumbnailFiles... android.database.sqlite.SQLiteCursor@4120ae48
02-23 10:14:20.103   401   544 V MediaScanner: /pruneDeadThumbnailFiles... android.database.sqlite.SQLiteCursor@4120ae48
02-23 10:14:20.123   258   260 D dalvikvm: GC_CONCURRENT freed 636K, 7% free 10286K/11015K, paused 6ms+6ms, total 48ms
02-23 10:14:24.863   160   191 I Choreographer: Skipped 40 frames!  The application may be doing too much work on its main thread.
02-23 10:14:25.654   160   191 I Choreographer: Skipped 52 frames!  The application may be doing too much work on its main thread.
02-23 10:14:25.684   160   191 W SoundPool:   sample 0 not READY
02-23 10:14:25.764   219   219 D PhoneStatusBar: disable: < expand icons alerts ticker system_info BACK HOME recent* CLOCK >
02-23 10:14:25.884   219   219 D PhoneStatusBar: disable: < expand icons alerts ticker system_info back* home* recent clock* >
02-23 10:14:25.904    36   101 I ARMAssembler: generated scanline__00000077:03515104_00009002_00000000 [127 ipp] (149 ins) at [0x413b0678:0x413b08cc] in 1504001 ns
02-23 10:14:25.993    36   101 I ARMAssembler: generated scanline__00000077:03515104_00009001_00000000 [131 ipp] (153 ins) at [0x413b08d0:0x413b0b34] in 596000 ns
02-23 10:14:28.844   624   624 I UserInteraction: Button clicked!
02-23 10:14:29.644   624   624 I UserInteraction: Button clicked!
02-23 10:14:30.363   624   624 I UserInteraction: Button clicked!
02-23 10:14:31.043   624   624 I UserInteraction: Button clicked!
02-23 10:15:06.444   249   251 D dalvikvm: GC_CONCURRENT freed 429K, 6% free 8557K/9095K, paused 15ms+4ms, total 57ms
02-23 10:15:13.404   160   245 E ThrottleService: problem during onPollAlarm: java.lang.IllegalStateException: problem parsing stats: java.io.FileNotFoundException: /proc/net/xt_qtaguid/iface_stat_all: open failed: ENOENT (No such file or directory)
02-23 10:15:24.504   160   187 E PowerManagerService: Excessive delay setting brightness: 111ms, mask=2
02-23 10:19:06.553   160   163 D dalvikvm: GC_CONCURRENT freed 647K, 7% free 11402K/12167K, paused 21ms+9ms, total 98ms
02-23 10:23:35.633   249   251 D dalvikvm: GC_CONCURRENT freed 449K, 7% free 8536K/9095K, paused 4ms+3ms, total 33ms
02-23 10:25:13.404   160   245 E ThrottleService: problem during onPollAlarm: java.lang.IllegalStateException: problem parsing stats: java.io.FileNotFoundException: /proc/net/xt_qtaguid/iface_stat_all: open failed: ENOENT (No such file or directory)
